// Jest Snapshot v1, https://goo.gl/fbAQLP

exports[`Alert should render properly 1`] = `
.c0 {
  box-sizing: border-box;
  background-color: #2E2E2E;
  border: 1px solid #2E2E2E;
  color: #fff;
  border-radius: 3px;
  font-size: 16px;
  line-height: 1.4;
  max-width: 450px;
  padding: 10px 16px;
  width: 100%;
}

.c0 a {
  color: #fff;
}

<Alert
  outline={false}
  size="md"
  variant="primary"
>
  <div
    className="c0"
    role="alert"
    size="md"
  >
    Far far away, behind the word mountains, far from the countries Vokalia and Consonantia, there live the blind texts. Separated they live in Bookmarksgrove right at the coast of the Semantics, a large language ocean. A small river named Duden flows by their place and supplies it with the necessary regelialia. It is a paradisematic country, in which roasted parts of sentences fly into your mouth.
  </div>
</Alert>
`;
