// Jest Snapshot v1, https://goo.gl/fbAQLP

exports[`Code should render properly 1`] = `
.c0 {
  box-sizing: border-box;
  background-color: #e8eded;
  border: 1px solid #d0dada;
  border-radius: 2px;
  font-family: 'SF Mono','Roboto Mono',Menlo,monospace;
  padding: 8px;
}

<Code
  as="code"
>
  <code
    className="c0"
  >
    &lt;div&gt;Hello&lt;/div&gt;
  </code>
</Code>
`;
