// Jest Snapshot v1, https://goo.gl/fbAQLP

exports[`Embed should render properly 1`] = `
.c0 {
  box-sizing: border-box;
  height: 0;
  padding-bottom: 56.25%;
  overflow: hidden;
  position: relative;
  width: 100%;
}

.c0 > iframe {
  border: 0;
  bottom: 0;
  height: 100%;
  left: 0;
  position: absolute;
  top: 0;
  width: 100%;
}

<StyledEmbed
  dangerouslySetInnerHTML={
    Object {
      "__html": "<iframe
          width=\\"560\\"
          height=\\"315\\"
          src=\\"https://www.youtube.com/embed/GNCd_ERZvZM\\"
          title=\\"Them Changes\\"
          frameBorder=\\"0\\"
          allowFullScreen
        />",
    }
  }
  ratio={0.5625}
>
  <div
    className="c0"
    dangerouslySetInnerHTML={
      Object {
        "__html": "<iframe
          width=\\"560\\"
          height=\\"315\\"
          src=\\"https://www.youtube.com/embed/GNCd_ERZvZM\\"
          title=\\"Them Changes\\"
          frameBorder=\\"0\\"
          allowFullScreen
        />",
      }
    }
  />
</StyledEmbed>
`;
