// Jest Snapshot v1, https://goo.gl/fbAQLP

exports[`Flex should render properly 1`] = `
.c1 {
  box-sizing: border-box;
}

.c0 {
  box-sizing: border-box;
  -webkit-align-items: center;
  -webkit-box-align: center;
  -ms-flex-align: center;
  align-items: center;
  display: -webkit-box;
  display: -webkit-flex;
  display: -ms-flexbox;
  display: flex;
}

<Flex
  alignItems="center"
>
  <div
    className="c0"
  >
    <Box>
      <div
        className="c1"
      >
        Left
      </div>
    </Box>
    <Box>
      <div
        className="c1"
      >
        Right
      </div>
    </Box>
  </div>
</Flex>
`;
