// Jest Snapshot v1, https://goo.gl/fbAQLP

exports[`Heading should render properly 1`] = `
.c0 {
  box-sizing: border-box;
  font-size: 40px;
  font-family: inherit;
  font-weight: 700;
  line-height: 1.4;
  margin-bottom: 0;
  margin-top: 16px;
}

.c0:first-child {
  margin-top: 0;
}

<Heading
  as="h1"
>
  <h1
    className="c0"
  >
    Far far away
  </h1>
</Heading>
`;
