// Jest Snapshot v1, https://goo.gl/fbAQLP

exports[`Image should render properly 1`] = `
.c0 {
  box-sizing: border-box;
  max-width: 100%;
}

<Image
  alt="Moon"
  as="img"
  src="https://assets.imgix.net/unsplash/moon.jpg"
>
  <img
    alt="Moon"
    className="c0"
    src="https://assets.imgix.net/unsplash/moon.jpg"
  />
</Image>
`;
