// Jest Snapshot v1, https://goo.gl/fbAQLP

exports[`StyledMinimal should export all components 1`] = `
Object {
  "Alert": Object {
    "$$typeof": Symbol(react.forward_ref),
    "attrs": Array [
      Object {
        "role": "alert",
      },
    ],
    "componentStyle": ComponentStyle {
      "componentId": "Alert-rof7fe-0",
      "isStatic": false,
      "rules": Array [
        "box-sizing: border-box;",
        [Function],
        [Function],
        [Function],
        [Function],
        [Function],
        [Function],
        [Function],
        [Function],
        [Function],
        [Function],
        [Function],
        [Function],
        [Function],
        [Function],
        [Function],
        [Function],
        [Function],
        [Function],
        [Function],
        [Function],
        [Function],
        [Function],
        [Function],
        [Function],
        [Function],
        [Function],
        [Function],
        [Function],
        [Function],
        [Function],
        [Function],
        [Function],
        [Function],
        [Function],
        [Function],
        [Function],
        ";",
      ],
    },
    "defaultProps": Object {
      "outline": false,
      "size": "md",
      "variant": "primary",
    },
    "displayName": "Alert",
    "foldedComponentIds": Array [
      "Box-sc-17ftkho-0",
    ],
    "propTypes": Object {
      "alignContent": [Function],
      "alignItems": [Function],
      "alignSelf": [Function],
      "as": [Function],
      "backgroundImage": [Function],
      "bg": [Function],
      "border": [Function],
      "borderBottom": [Function],
      "borderLeft": [Function],
      "borderRadius": [Function],
      "borderRight": [Function],
      "borderTop": [Function],
      "bottom": [Function],
      "children": [Function],
      "color": [Function],
      "dark": [Function],
      "display": [Function],
      "flex": [Function],
      "flexBasis": [Function],
      "flexDirection": [Function],
      "flexWrap": [Function],
      "fontFamily": [Function],
      "fontSize": [Function],
      "fontWeight": [Function],
      "height": [Function],
      "justifyContent": [Function],
      "left": [Function],
      "m": [Function],
      "maxHeight": [Function],
      "maxWidth": [Function],
      "mb": [Function],
      "minHeight": [Function],
      "minWidth": [Function],
      "ml": [Function],
      "mr": [Function],
      "mt": [Function],
      "mx": [Function],
      "my": [Function],
      "order": [Function],
      "outline": [Function],
      "p": [Function],
      "pb": [Function],
      "pl": [Function],
      "position": [Function],
      "pr": [Function],
      "pt": [Function],
      "px": [Function],
      "py": [Function],
      "ratio": [Function],
      "right": [Function],
      "size": [Function],
      "textAlign": [Function],
      "textTransform": [Function],
      "top": [Function],
      "variant": [Function],
      "width": [Function],
      "zIndex": [Function],
    },
    "render": [Function],
    "styledComponentId": "Alert-rof7fe-0",
    "target": "div",
    "toString": [Function],
    "warnTooManyClasses": [Function],
    "withComponent": [Function],
  },
  "Badge": Object {
    "$$typeof": Symbol(react.forward_ref),
    "attrs": Array [],
    "componentStyle": ComponentStyle {
      "componentId": "Badge-o6kad8-0",
      "isStatic": false,
      "rules": Array [
        "box-sizing: border-box;",
        [Function],
        [Function],
        [Function],
        [Function],
        [Function],
        [Function],
        [Function],
        [Function],
        [Function],
        [Function],
        [Function],
        [Function],
        [Function],
        [Function],
        [Function],
        [Function],
        [Function],
        [Function],
        [Function],
        [Function],
        [Function],
        [Function],
        [Function],
        [Function],
        [Function],
        [Function],
        [Function],
        [Function],
        [Function],
        [Function],
        [Function],
        [Function],
        [Function],
        [Function],
        [Function],
        [Function],
        ";",
      ],
    },
    "defaultProps": Object {
      "as": "span",
    },
    "displayName": "Badge",
    "foldedComponentIds": Array [
      "Box-sc-17ftkho-0",
    ],
    "propTypes": Object {
      "alignContent": [Function],
      "alignItems": [Function],
      "alignSelf": [Function],
      "as": [Function],
      "backgroundImage": [Function],
      "bg": [Function],
      "border": [Function],
      "borderBottom": [Function],
      "borderLeft": [Function],
      "borderRadius": [Function],
      "borderRight": [Function],
      "borderTop": [Function],
      "bottom": [Function],
      "children": [Function],
      "color": [Function],
      "dark": [Function],
      "display": [Function],
      "flex": [Function],
      "flexBasis": [Function],
      "flexDirection": [Function],
      "flexWrap": [Function],
      "fontFamily": [Function],
      "fontSize": [Function],
      "fontWeight": [Function],
      "height": [Function],
      "justifyContent": [Function],
      "left": [Function],
      "m": [Function],
      "maxHeight": [Function],
      "maxWidth": [Function],
      "mb": [Function],
      "minHeight": [Function],
      "minWidth": [Function],
      "ml": [Function],
      "mr": [Function],
      "mt": [Function],
      "mx": [Function],
      "my": [Function],
      "order": [Function],
      "outline": [Function],
      "p": [Function],
      "pb": [Function],
      "pl": [Function],
      "position": [Function],
      "pr": [Function],
      "pt": [Function],
      "px": [Function],
      "py": [Function],
      "ratio": [Function],
      "right": [Function],
      "size": [Function],
      "textAlign": [Function],
      "textTransform": [Function],
      "top": [Function],
      "variant": [Function],
      "width": [Function],
      "zIndex": [Function],
    },
    "render": [Function],
    "styledComponentId": "Badge-o6kad8-0",
    "target": "div",
    "toString": [Function],
    "warnTooManyClasses": [Function],
    "withComponent": [Function],
  },
  "Box": Object {
    "$$typeof": Symbol(react.forward_ref),
    "attrs": Array [],
    "componentStyle": ComponentStyle {
      "componentId": "Box-sc-17ftkho-0",
      "isStatic": false,
      "rules": Array [
        "box-sizing: border-box;",
        [Function],
        [Function],
        [Function],
        [Function],
        [Function],
        [Function],
        [Function],
        [Function],
        [Function],
        [Function],
        [Function],
        [Function],
        [Function],
        [Function],
        [Function],
        [Function],
        [Function],
        [Function],
        [Function],
        [Function],
        [Function],
        [Function],
        [Function],
        [Function],
        [Function],
        [Function],
        [Function],
        [Function],
        [Function],
        [Function],
        [Function],
        [Function],
        [Function],
        [Function],
        [Function],
      ],
    },
    "displayName": "Box",
    "foldedComponentIds": Array [],
    "propTypes": Object {
      "alignContent": [Function],
      "alignItems": [Function],
      "alignSelf": [Function],
      "as": [Function],
      "backgroundImage": [Function],
      "bg": [Function],
      "border": [Function],
      "borderBottom": [Function],
      "borderLeft": [Function],
      "borderRadius": [Function],
      "borderRight": [Function],
      "borderTop": [Function],
      "bottom": [Function],
      "children": [Function],
      "color": [Function],
      "display": [Function],
      "flex": [Function],
      "flexBasis": [Function],
      "flexDirection": [Function],
      "flexWrap": [Function],
      "fontFamily": [Function],
      "fontSize": [Function],
      "fontWeight": [Function],
      "height": [Function],
      "justifyContent": [Function],
      "left": [Function],
      "m": [Function],
      "maxHeight": [Function],
      "maxWidth": [Function],
      "mb": [Function],
      "minHeight": [Function],
      "minWidth": [Function],
      "ml": [Function],
      "mr": [Function],
      "mt": [Function],
      "mx": [Function],
      "my": [Function],
      "order": [Function],
      "p": [Function],
      "pb": [Function],
      "pl": [Function],
      "position": [Function],
      "pr": [Function],
      "pt": [Function],
      "px": [Function],
      "py": [Function],
      "ratio": [Function],
      "right": [Function],
      "textAlign": [Function],
      "textTransform": [Function],
      "top": [Function],
      "width": [Function],
      "zIndex": [Function],
    },
    "render": [Function],
    "styledComponentId": "Box-sc-17ftkho-0",
    "target": "div",
    "toString": [Function],
    "warnTooManyClasses": [Function],
    "withComponent": [Function],
  },
  "Button": Object {
    "$$typeof": Symbol(react.forward_ref),
    "attrs": Array [],
    "componentStyle": ComponentStyle {
      "componentId": "Button-sc-163ts80-0",
      "isStatic": false,
      "rules": Array [
        "box-sizing: border-box;",
        [Function],
        [Function],
        [Function],
        [Function],
        [Function],
        [Function],
        [Function],
        [Function],
        [Function],
        [Function],
        [Function],
        [Function],
        [Function],
        [Function],
        [Function],
        [Function],
        [Function],
        [Function],
        [Function],
        [Function],
        [Function],
        [Function],
        [Function],
        [Function],
        [Function],
        [Function],
        [Function],
        [Function],
        [Function],
        [Function],
        [Function],
        [Function],
        [Function],
        [Function],
        [Function],
        [Function],
        ";&:disabled{pointer-events:none;}&:hover{transition:transform 0.2s;transform:scale(1.05);}&:focus{outline-color:",
        [Function],
        ";}",
        ".Badge-o6kad8-0",
        "{margin-left:5px;}",
      ],
    },
    "defaultProps": Object {
      "animate": false,
      "block": false,
      "disabled": false,
      "outline": false,
      "size": "md",
      "type": "button",
      "variant": "primary",
    },
    "displayName": "Button",
    "foldedComponentIds": Array [
      "Box-sc-17ftkho-0",
    ],
    "propTypes": Object {
      "alignContent": [Function],
      "alignItems": [Function],
      "alignSelf": [Function],
      "animate": [Function],
      "as": [Function],
      "backgroundImage": [Function],
      "bg": [Function],
      "block": [Function],
      "border": [Function],
      "borderBottom": [Function],
      "borderLeft": [Function],
      "borderRadius": [Function],
      "borderRight": [Function],
      "borderTop": [Function],
      "bottom": [Function],
      "children": [Function],
      "color": [Function],
      "dark": [Function],
      "disabled": [Function],
      "display": [Function],
      "flex": [Function],
      "flexBasis": [Function],
      "flexDirection": [Function],
      "flexWrap": [Function],
      "fontFamily": [Function],
      "fontSize": [Function],
      "fontWeight": [Function],
      "height": [Function],
      "justifyContent": [Function],
      "left": [Function],
      "m": [Function],
      "maxHeight": [Function],
      "maxWidth": [Function],
      "mb": [Function],
      "minHeight": [Function],
      "minWidth": [Function],
      "ml": [Function],
      "mr": [Function],
      "mt": [Function],
      "mx": [Function],
      "my": [Function],
      "onClick": [Function],
      "order": [Function],
      "outline": [Function],
      "p": [Function],
      "pb": [Function],
      "pl": [Function],
      "position": [Function],
      "pr": [Function],
      "pt": [Function],
      "px": [Function],
      "py": [Function],
      "ratio": [Function],
      "right": [Function],
      "size": [Function],
      "textAlign": [Function],
      "textTransform": [Function],
      "top": [Function],
      "type": [Function],
      "variant": [Function],
      "width": [Function],
      "zIndex": [Function],
    },
    "render": [Function],
    "styledComponentId": "Button-sc-163ts80-0",
    "target": "div",
    "toString": [Function],
    "warnTooManyClasses": [Function],
    "withComponent": [Function],
  },
  "ButtonGroup": [Function],
  "Code": Object {
    "$$typeof": Symbol(react.forward_ref),
    "attrs": Array [],
    "componentStyle": ComponentStyle {
      "componentId": "Code-sc-16lazcj-0",
      "isStatic": false,
      "rules": Array [
        "box-sizing: border-box;",
        [Function],
        [Function],
        [Function],
        [Function],
        [Function],
        [Function],
        [Function],
        [Function],
        [Function],
        [Function],
        [Function],
        [Function],
        [Function],
        [Function],
        [Function],
        [Function],
        [Function],
        [Function],
        [Function],
        [Function],
        [Function],
        [Function],
        [Function],
        [Function],
        [Function],
        [Function],
        [Function],
        [Function],
        [Function],
        [Function],
        [Function],
        [Function],
        [Function],
        [Function],
        [Function],
        "background-color:#e8eded;border:1px solid #d0dada;border-radius:2px;font-family:\\"SF Mono\\",\\"Roboto Mono\\",Menlo,monospace;padding:10px;",
      ],
    },
    "defaultProps": Object {
      "as": "code",
    },
    "displayName": "Code",
    "foldedComponentIds": Array [
      "Box-sc-17ftkho-0",
    ],
    "propTypes": Object {
      "alignContent": [Function],
      "alignItems": [Function],
      "alignSelf": [Function],
      "as": [Function],
      "backgroundImage": [Function],
      "bg": [Function],
      "border": [Function],
      "borderBottom": [Function],
      "borderLeft": [Function],
      "borderRadius": [Function],
      "borderRight": [Function],
      "borderTop": [Function],
      "bottom": [Function],
      "children": [Function],
      "color": [Function],
      "display": [Function],
      "flex": [Function],
      "flexBasis": [Function],
      "flexDirection": [Function],
      "flexWrap": [Function],
      "fontFamily": [Function],
      "fontSize": [Function],
      "fontWeight": [Function],
      "height": [Function],
      "justifyContent": [Function],
      "left": [Function],
      "m": [Function],
      "maxHeight": [Function],
      "maxWidth": [Function],
      "mb": [Function],
      "minHeight": [Function],
      "minWidth": [Function],
      "ml": [Function],
      "mr": [Function],
      "mt": [Function],
      "mx": [Function],
      "my": [Function],
      "order": [Function],
      "p": [Function],
      "pb": [Function],
      "pl": [Function],
      "position": [Function],
      "pr": [Function],
      "pt": [Function],
      "px": [Function],
      "py": [Function],
      "ratio": [Function],
      "right": [Function],
      "textAlign": [Function],
      "textTransform": [Function],
      "top": [Function],
      "width": [Function],
      "zIndex": [Function],
    },
    "render": [Function],
    "styledComponentId": "Code-sc-16lazcj-0",
    "target": "div",
    "toString": [Function],
    "warnTooManyClasses": [Function],
    "withComponent": [Function],
  },
  "Container": Object {
    "$$typeof": Symbol(react.forward_ref),
    "attrs": Array [],
    "componentStyle": ComponentStyle {
      "componentId": "Container-sc-8q3wam-0",
      "isStatic": false,
      "rules": Array [
        "box-sizing: border-box;",
        [Function],
        [Function],
        [Function],
        [Function],
        [Function],
        [Function],
        [Function],
        [Function],
        [Function],
        [Function],
        [Function],
        [Function],
        [Function],
        [Function],
        [Function],
        [Function],
        [Function],
        [Function],
        [Function],
        [Function],
        [Function],
        [Function],
        [Function],
        [Function],
        [Function],
        [Function],
        [Function],
        [Function],
        [Function],
        [Function],
        [Function],
        [Function],
        [Function],
        [Function],
        [Function],
        [Function],
        ";",
      ],
    },
    "defaultProps": Object {
      "verticalPadding": false,
    },
    "displayName": "Container",
    "foldedComponentIds": Array [
      "Box-sc-17ftkho-0",
    ],
    "propTypes": Object {
      "alignContent": [Function],
      "alignItems": [Function],
      "alignSelf": [Function],
      "as": [Function],
      "backgroundImage": [Function],
      "bg": [Function],
      "border": [Function],
      "borderBottom": [Function],
      "borderLeft": [Function],
      "borderRadius": [Function],
      "borderRight": [Function],
      "borderTop": [Function],
      "bottom": [Function],
      "children": [Function],
      "color": [Function],
      "display": [Function],
      "flex": [Function],
      "flexBasis": [Function],
      "flexDirection": [Function],
      "flexWrap": [Function],
      "fontFamily": [Function],
      "fontSize": [Function],
      "fontWeight": [Function],
      "height": [Function],
      "justifyContent": [Function],
      "layout": [Function],
      "left": [Function],
      "m": [Function],
      "maxHeight": [Function],
      "maxWidth": [Function],
      "mb": [Function],
      "minHeight": [Function],
      "minWidth": [Function],
      "ml": [Function],
      "mr": [Function],
      "mt": [Function],
      "mx": [Function],
      "my": [Function],
      "order": [Function],
      "p": [Function],
      "pb": [Function],
      "pl": [Function],
      "position": [Function],
      "pr": [Function],
      "pt": [Function],
      "px": [Function],
      "py": [Function],
      "ratio": [Function],
      "right": [Function],
      "textAlign": [Function],
      "textTransform": [Function],
      "top": [Function],
      "verticalPadding": [Function],
      "width": [Function],
      "zIndex": [Function],
    },
    "render": [Function],
    "styledComponentId": "Container-sc-8q3wam-0",
    "target": "div",
    "toString": [Function],
    "warnTooManyClasses": [Function],
    "withComponent": [Function],
  },
  "Embed": [Function],
  "Fieldset": Object {
    "$$typeof": Symbol(react.forward_ref),
    "attrs": Array [],
    "componentStyle": ComponentStyle {
      "componentId": "Fieldset-fhvqiw-0",
      "isStatic": false,
      "rules": Array [
        "box-sizing: border-box;",
        [Function],
        [Function],
        [Function],
        [Function],
        [Function],
        [Function],
        [Function],
        [Function],
        [Function],
        [Function],
        [Function],
        [Function],
        [Function],
        [Function],
        [Function],
        [Function],
        [Function],
        [Function],
        [Function],
        [Function],
        [Function],
        [Function],
        [Function],
        [Function],
        [Function],
        [Function],
        [Function],
        [Function],
        [Function],
        [Function],
        [Function],
        [Function],
        [Function],
        [Function],
        [Function],
        [Function],
        ";",
        ".Legend-sc-4hdiho-0",
        "{margin:0;}",
      ],
    },
    "defaultProps": Object {
      "as": "fieldset",
      "inline": false,
    },
    "displayName": "Fieldset",
    "foldedComponentIds": Array [
      "Box-sc-17ftkho-0",
    ],
    "propTypes": Object {
      "alignContent": [Function],
      "alignItems": [Function],
      "alignSelf": [Function],
      "as": [Function],
      "backgroundImage": [Function],
      "bg": [Function],
      "border": [Function],
      "borderBottom": [Function],
      "borderLeft": [Function],
      "borderRadius": [Function],
      "borderRight": [Function],
      "borderTop": [Function],
      "bottom": [Function],
      "children": [Function],
      "color": [Function],
      "display": [Function],
      "flex": [Function],
      "flexBasis": [Function],
      "flexDirection": [Function],
      "flexWrap": [Function],
      "fontFamily": [Function],
      "fontSize": [Function],
      "fontWeight": [Function],
      "height": [Function],
      "inline": [Function],
      "justifyContent": [Function],
      "left": [Function],
      "m": [Function],
      "maxHeight": [Function],
      "maxWidth": [Function],
      "mb": [Function],
      "minHeight": [Function],
      "minWidth": [Function],
      "ml": [Function],
      "mr": [Function],
      "mt": [Function],
      "mx": [Function],
      "my": [Function],
      "order": [Function],
      "p": [Function],
      "pb": [Function],
      "pl": [Function],
      "position": [Function],
      "pr": [Function],
      "pt": [Function],
      "px": [Function],
      "py": [Function],
      "ratio": [Function],
      "right": [Function],
      "textAlign": [Function],
      "textTransform": [Function],
      "top": [Function],
      "width": [Function],
      "zIndex": [Function],
    },
    "render": [Function],
    "styledComponentId": "Fieldset-fhvqiw-0",
    "target": "div",
    "toString": [Function],
    "warnTooManyClasses": [Function],
    "withComponent": [Function],
  },
  "Flex": Object {
    "$$typeof": Symbol(react.forward_ref),
    "attrs": Array [],
    "componentStyle": ComponentStyle {
      "componentId": "sc-bdVaJa",
      "isStatic": false,
      "rules": Array [
        "box-sizing: border-box;",
        [Function],
        [Function],
        [Function],
        [Function],
        [Function],
        [Function],
        [Function],
        [Function],
        [Function],
        [Function],
        [Function],
        [Function],
        [Function],
        [Function],
        [Function],
        [Function],
        [Function],
        [Function],
        [Function],
        [Function],
        [Function],
        [Function],
        [Function],
        [Function],
        [Function],
        [Function],
        [Function],
        [Function],
        [Function],
        [Function],
        [Function],
        [Function],
        [Function],
        [Function],
        [Function],
        "display: flex;",
      ],
    },
    "defaultProps": Object {
      "alignItems": "center",
    },
    "displayName": "Flex",
    "foldedComponentIds": Array [
      "Box-sc-17ftkho-0",
    ],
    "propTypes": Object {
      "alignContent": [Function],
      "alignItems": [Function],
      "alignSelf": [Function],
      "as": [Function],
      "backgroundImage": [Function],
      "bg": [Function],
      "border": [Function],
      "borderBottom": [Function],
      "borderLeft": [Function],
      "borderRadius": [Function],
      "borderRight": [Function],
      "borderTop": [Function],
      "bottom": [Function],
      "children": [Function],
      "color": [Function],
      "display": [Function],
      "flex": [Function],
      "flexBasis": [Function],
      "flexDirection": [Function],
      "flexWrap": [Function],
      "fontFamily": [Function],
      "fontSize": [Function],
      "fontWeight": [Function],
      "height": [Function],
      "justifyContent": [Function],
      "left": [Function],
      "m": [Function],
      "maxHeight": [Function],
      "maxWidth": [Function],
      "mb": [Function],
      "minHeight": [Function],
      "minWidth": [Function],
      "ml": [Function],
      "mr": [Function],
      "mt": [Function],
      "mx": [Function],
      "my": [Function],
      "order": [Function],
      "p": [Function],
      "pb": [Function],
      "pl": [Function],
      "position": [Function],
      "pr": [Function],
      "pt": [Function],
      "px": [Function],
      "py": [Function],
      "ratio": [Function],
      "right": [Function],
      "textAlign": [Function],
      "textTransform": [Function],
      "top": [Function],
      "width": [Function],
      "zIndex": [Function],
    },
    "render": [Function],
    "styledComponentId": "sc-bdVaJa",
    "target": "div",
    "toString": [Function],
    "warnTooManyClasses": [Function],
    "withComponent": [Function],
  },
  "Form": Object {
    "$$typeof": Symbol(react.forward_ref),
    "attrs": Array [],
    "componentStyle": ComponentStyle {
      "componentId": "Form-sc-1efn7nr-0",
      "isStatic": false,
      "rules": Array [
        "box-sizing: border-box;",
        [Function],
        [Function],
        [Function],
        [Function],
        [Function],
        [Function],
        [Function],
        [Function],
        [Function],
        [Function],
        [Function],
        [Function],
        [Function],
        [Function],
        [Function],
        [Function],
        [Function],
        [Function],
        [Function],
        [Function],
        [Function],
        [Function],
        [Function],
        [Function],
        [Function],
        [Function],
        [Function],
        [Function],
        [Function],
        [Function],
        [Function],
        [Function],
        [Function],
        [Function],
        [Function],
        [Function],
        ";",
      ],
    },
    "defaultProps": Object {
      "as": "form",
      "bordered": false,
    },
    "displayName": "Form",
    "foldedComponentIds": Array [
      "Box-sc-17ftkho-0",
    ],
    "propTypes": Object {
      "action": [Function],
      "alignContent": [Function],
      "alignItems": [Function],
      "alignSelf": [Function],
      "as": [Function],
      "backgroundImage": [Function],
      "bg": [Function],
      "border": [Function],
      "borderBottom": [Function],
      "borderLeft": [Function],
      "borderRadius": [Function],
      "borderRight": [Function],
      "borderTop": [Function],
      "bordered": [Function],
      "bottom": [Function],
      "children": [Function],
      "color": [Function],
      "display": [Function],
      "enctype": [Function],
      "flex": [Function],
      "flexBasis": [Function],
      "flexDirection": [Function],
      "flexWrap": [Function],
      "fontFamily": [Function],
      "fontSize": [Function],
      "fontWeight": [Function],
      "height": [Function],
      "justifyContent": [Function],
      "left": [Function],
      "m": [Function],
      "maxHeight": [Function],
      "maxWidth": [Function],
      "mb": [Function],
      "method": [Function],
      "minHeight": [Function],
      "minWidth": [Function],
      "ml": [Function],
      "mr": [Function],
      "mt": [Function],
      "mx": [Function],
      "my": [Function],
      "order": [Function],
      "p": [Function],
      "pb": [Function],
      "pl": [Function],
      "position": [Function],
      "pr": [Function],
      "pt": [Function],
      "px": [Function],
      "py": [Function],
      "ratio": [Function],
      "right": [Function],
      "target": [Function],
      "textAlign": [Function],
      "textTransform": [Function],
      "top": [Function],
      "width": [Function],
      "zIndex": [Function],
    },
    "render": [Function],
    "styledComponentId": "Form-sc-1efn7nr-0",
    "target": "div",
    "toString": [Function],
    "warnTooManyClasses": [Function],
    "withComponent": [Function],
  },
  "FormGroup": [Function],
  "Group": Object {
    "$$typeof": Symbol(react.forward_ref),
    "attrs": Array [],
    "componentStyle": ComponentStyle {
      "componentId": "Group-sc-19ktxuh-0",
      "isStatic": false,
      "rules": Array [
        "box-sizing: border-box;",
        [Function],
        [Function],
        [Function],
        [Function],
        [Function],
        [Function],
        [Function],
        [Function],
        [Function],
        [Function],
        [Function],
        [Function],
        [Function],
        [Function],
        [Function],
        [Function],
        [Function],
        [Function],
        [Function],
        [Function],
        [Function],
        [Function],
        [Function],
        [Function],
        [Function],
        [Function],
        [Function],
        [Function],
        [Function],
        [Function],
        [Function],
        [Function],
        [Function],
        [Function],
        [Function],
        "align-items:center;display:flex;flex-wrap:wrap;> *:not(:first-child){margin-left:",
        [Function],
        ";}",
      ],
    },
    "displayName": "Group",
    "foldedComponentIds": Array [
      "Box-sc-17ftkho-0",
    ],
    "propTypes": Object {
      "alignContent": [Function],
      "alignItems": [Function],
      "alignSelf": [Function],
      "as": [Function],
      "backgroundImage": [Function],
      "bg": [Function],
      "border": [Function],
      "borderBottom": [Function],
      "borderLeft": [Function],
      "borderRadius": [Function],
      "borderRight": [Function],
      "borderTop": [Function],
      "bottom": [Function],
      "children": [Function],
      "color": [Function],
      "display": [Function],
      "flex": [Function],
      "flexBasis": [Function],
      "flexDirection": [Function],
      "flexWrap": [Function],
      "fontFamily": [Function],
      "fontSize": [Function],
      "fontWeight": [Function],
      "height": [Function],
      "justifyContent": [Function],
      "left": [Function],
      "m": [Function],
      "maxHeight": [Function],
      "maxWidth": [Function],
      "mb": [Function],
      "minHeight": [Function],
      "minWidth": [Function],
      "ml": [Function],
      "mr": [Function],
      "mt": [Function],
      "mx": [Function],
      "my": [Function],
      "order": [Function],
      "p": [Function],
      "pb": [Function],
      "pl": [Function],
      "position": [Function],
      "pr": [Function],
      "pt": [Function],
      "px": [Function],
      "py": [Function],
      "ratio": [Function],
      "right": [Function],
      "textAlign": [Function],
      "textTransform": [Function],
      "top": [Function],
      "width": [Function],
      "zIndex": [Function],
    },
    "render": [Function],
    "styledComponentId": "Group-sc-19ktxuh-0",
    "target": "div",
    "toString": [Function],
    "warnTooManyClasses": [Function],
    "withComponent": [Function],
  },
  "Heading": Object {
    "$$typeof": Symbol(react.forward_ref),
    "attrs": Array [],
    "componentStyle": ComponentStyle {
      "componentId": "Heading-iis3j2-0",
      "isStatic": false,
      "rules": Array [
        "box-sizing: border-box;",
        [Function],
        [Function],
        [Function],
        [Function],
        [Function],
        [Function],
        [Function],
        [Function],
        [Function],
        [Function],
        [Function],
        [Function],
        [Function],
        [Function],
        [Function],
        [Function],
        [Function],
        [Function],
        [Function],
        [Function],
        [Function],
        [Function],
        [Function],
        [Function],
        [Function],
        [Function],
        [Function],
        [Function],
        [Function],
        [Function],
        [Function],
        [Function],
        [Function],
        [Function],
        [Function],
        [Function],
        ";",
      ],
    },
    "defaultProps": Object {
      "as": "h1",
    },
    "displayName": "Heading",
    "foldedComponentIds": Array [
      "Box-sc-17ftkho-0",
    ],
    "propTypes": Object {
      "alignContent": [Function],
      "alignItems": [Function],
      "alignSelf": [Function],
      "as": [Function],
      "backgroundImage": [Function],
      "bg": [Function],
      "border": [Function],
      "borderBottom": [Function],
      "borderLeft": [Function],
      "borderRadius": [Function],
      "borderRight": [Function],
      "borderTop": [Function],
      "bottom": [Function],
      "children": [Function],
      "color": [Function],
      "display": [Function],
      "flex": [Function],
      "flexBasis": [Function],
      "flexDirection": [Function],
      "flexWrap": [Function],
      "fontFamily": [Function],
      "fontSize": [Function],
      "fontWeight": [Function],
      "gutterBottom": [Function],
      "height": [Function],
      "justifyContent": [Function],
      "left": [Function],
      "m": [Function],
      "maxHeight": [Function],
      "maxWidth": [Function],
      "mb": [Function],
      "minHeight": [Function],
      "minWidth": [Function],
      "ml": [Function],
      "mr": [Function],
      "mt": [Function],
      "mx": [Function],
      "my": [Function],
      "order": [Function],
      "p": [Function],
      "pb": [Function],
      "pl": [Function],
      "position": [Function],
      "pr": [Function],
      "pt": [Function],
      "px": [Function],
      "py": [Function],
      "ratio": [Function],
      "right": [Function],
      "size": [Function],
      "textAlign": [Function],
      "textTransform": [Function],
      "top": [Function],
      "width": [Function],
      "zIndex": [Function],
    },
    "render": [Function],
    "styledComponentId": "Heading-iis3j2-0",
    "target": "div",
    "toString": [Function],
    "warnTooManyClasses": [Function],
    "withComponent": [Function],
  },
  "Image": Object {
    "$$typeof": Symbol(react.forward_ref),
    "attrs": Array [],
    "componentStyle": ComponentStyle {
      "componentId": "Image-sc-1w83ue8-0",
      "isStatic": false,
      "rules": Array [
        "box-sizing: border-box;",
        [Function],
        [Function],
        [Function],
        [Function],
        [Function],
        [Function],
        [Function],
        [Function],
        [Function],
        [Function],
        [Function],
        [Function],
        [Function],
        [Function],
        [Function],
        [Function],
        [Function],
        [Function],
        [Function],
        [Function],
        [Function],
        [Function],
        [Function],
        [Function],
        [Function],
        [Function],
        [Function],
        [Function],
        [Function],
        [Function],
        [Function],
        [Function],
        [Function],
        [Function],
        [Function],
        "max-width:100%;",
      ],
    },
    "defaultProps": Object {
      "as": "img",
    },
    "displayName": "Image",
    "foldedComponentIds": Array [
      "Box-sc-17ftkho-0",
    ],
    "propTypes": Object {
      "alignContent": [Function],
      "alignItems": [Function],
      "alignSelf": [Function],
      "alt": [Function],
      "as": [Function],
      "backgroundImage": [Function],
      "bg": [Function],
      "border": [Function],
      "borderBottom": [Function],
      "borderLeft": [Function],
      "borderRadius": [Function],
      "borderRight": [Function],
      "borderTop": [Function],
      "bottom": [Function],
      "children": [Function],
      "color": [Function],
      "display": [Function],
      "flex": [Function],
      "flexBasis": [Function],
      "flexDirection": [Function],
      "flexWrap": [Function],
      "fontFamily": [Function],
      "fontSize": [Function],
      "fontWeight": [Function],
      "height": [Function],
      "justifyContent": [Function],
      "left": [Function],
      "m": [Function],
      "maxHeight": [Function],
      "maxWidth": [Function],
      "mb": [Function],
      "minHeight": [Function],
      "minWidth": [Function],
      "ml": [Function],
      "mr": [Function],
      "mt": [Function],
      "mx": [Function],
      "my": [Function],
      "order": [Function],
      "p": [Function],
      "pb": [Function],
      "pl": [Function],
      "position": [Function],
      "pr": [Function],
      "pt": [Function],
      "px": [Function],
      "py": [Function],
      "ratio": [Function],
      "right": [Function],
      "src": [Function],
      "textAlign": [Function],
      "textTransform": [Function],
      "top": [Function],
      "width": [Function],
      "zIndex": [Function],
    },
    "render": [Function],
    "styledComponentId": "Image-sc-1w83ue8-0",
    "target": "div",
    "toString": [Function],
    "warnTooManyClasses": [Function],
    "withComponent": [Function],
  },
  "Input": Object {
    "$$typeof": Symbol(react.forward_ref),
    "attrs": Array [
      [Function],
    ],
    "componentStyle": ComponentStyle {
      "componentId": "Input-bysjpc-0",
      "isStatic": false,
      "rules": Array [
        "box-sizing: border-box;",
        [Function],
        [Function],
        [Function],
        [Function],
        [Function],
        [Function],
        [Function],
        [Function],
        [Function],
        [Function],
        [Function],
        [Function],
        [Function],
        [Function],
        [Function],
        [Function],
        [Function],
        [Function],
        [Function],
        [Function],
        [Function],
        [Function],
        [Function],
        [Function],
        [Function],
        [Function],
        [Function],
        [Function],
        [Function],
        [Function],
        [Function],
        [Function],
        [Function],
        [Function],
        [Function],
        [Function],
        ";",
        [Function],
        ";",
      ],
    },
    "defaultProps": Object {
      "as": "input",
      "size": "md",
      "type": "text",
      "value": undefined,
    },
    "displayName": "Input",
    "foldedComponentIds": Array [
      "Box-sc-17ftkho-0",
    ],
    "propTypes": Object {
      "accept": [Function],
      "alignContent": [Function],
      "alignItems": [Function],
      "alignSelf": [Function],
      "as": [Function],
      "autoComplete": [Function],
      "backgroundImage": [Function],
      "bg": [Function],
      "border": [Function],
      "borderBottom": [Function],
      "borderLeft": [Function],
      "borderRadius": [Function],
      "borderRight": [Function],
      "borderTop": [Function],
      "bottom": [Function],
      "checked": [Function],
      "children": [Function],
      "color": [Function],
      "defaultChecked": [Function],
      "defaultValue": [Function],
      "disabled": [Function],
      "display": [Function],
      "flex": [Function],
      "flexBasis": [Function],
      "flexDirection": [Function],
      "flexWrap": [Function],
      "fontFamily": [Function],
      "fontSize": [Function],
      "fontWeight": [Function],
      "height": [Function],
      "id": [Function],
      "justifyContent": [Function],
      "left": [Function],
      "m": [Function],
      "maxHeight": [Function],
      "maxLength": [Function],
      "maxWidth": [Function],
      "mb": [Function],
      "minHeight": [Function],
      "minLength": [Function],
      "minWidth": [Function],
      "ml": [Function],
      "mr": [Function],
      "mt": [Function],
      "mx": [Function],
      "my": [Function],
      "name": [Function],
      "order": [Function],
      "p": [Function],
      "pattern": [Function],
      "pb": [Function],
      "pl": [Function],
      "placeholder": [Function],
      "position": [Function],
      "pr": [Function],
      "pt": [Function],
      "px": [Function],
      "py": [Function],
      "ratio": [Function],
      "readOnly": [Function],
      "required": [Function],
      "right": [Function],
      "size": [Function],
      "tabindex": [Function],
      "textAlign": [Function],
      "textTransform": [Function],
      "top": [Function],
      "type": [Function],
      "valid": [Function],
      "value": [Function],
      "width": [Function],
      "zIndex": [Function],
    },
    "render": [Function],
    "styledComponentId": "Input-bysjpc-0",
    "target": "div",
    "toString": [Function],
    "warnTooManyClasses": [Function],
    "withComponent": [Function],
  },
  "Label": Object {
    "$$typeof": Symbol(react.forward_ref),
    "attrs": Array [],
    "componentStyle": ComponentStyle {
      "componentId": "Label-v3tdiw-0",
      "isStatic": false,
      "rules": Array [
        "box-sizing: border-box;",
        [Function],
        [Function],
        [Function],
        [Function],
        [Function],
        [Function],
        [Function],
        [Function],
        [Function],
        [Function],
        [Function],
        [Function],
        [Function],
        [Function],
        [Function],
        [Function],
        [Function],
        [Function],
        [Function],
        [Function],
        [Function],
        [Function],
        [Function],
        [Function],
        [Function],
        [Function],
        [Function],
        [Function],
        [Function],
        [Function],
        [Function],
        [Function],
        [Function],
        [Function],
        [Function],
        [Function],
        ";",
      ],
    },
    "defaultProps": Object {
      "as": "label",
    },
    "displayName": "Label",
    "foldedComponentIds": Array [
      "Box-sc-17ftkho-0",
    ],
    "propTypes": Object {
      "alignContent": [Function],
      "alignItems": [Function],
      "alignSelf": [Function],
      "as": [Function],
      "backgroundImage": [Function],
      "bg": [Function],
      "border": [Function],
      "borderBottom": [Function],
      "borderLeft": [Function],
      "borderRadius": [Function],
      "borderRight": [Function],
      "borderTop": [Function],
      "bottom": [Function],
      "children": [Function],
      "color": [Function],
      "display": [Function],
      "flex": [Function],
      "flexBasis": [Function],
      "flexDirection": [Function],
      "flexWrap": [Function],
      "fontFamily": [Function],
      "fontSize": [Function],
      "fontWeight": [Function],
      "height": [Function],
      "inline": [Function],
      "justifyContent": [Function],
      "left": [Function],
      "m": [Function],
      "maxHeight": [Function],
      "maxWidth": [Function],
      "mb": [Function],
      "minHeight": [Function],
      "minWidth": [Function],
      "ml": [Function],
      "mr": [Function],
      "mt": [Function],
      "mx": [Function],
      "my": [Function],
      "order": [Function],
      "p": [Function],
      "pb": [Function],
      "pl": [Function],
      "position": [Function],
      "pr": [Function],
      "pt": [Function],
      "px": [Function],
      "py": [Function],
      "ratio": [Function],
      "right": [Function],
      "textAlign": [Function],
      "textTransform": [Function],
      "top": [Function],
      "width": [Function],
      "zIndex": [Function],
    },
    "render": [Function],
    "styledComponentId": "Label-v3tdiw-0",
    "target": "div",
    "toString": [Function],
    "warnTooManyClasses": [Function],
    "withComponent": [Function],
  },
  "Legend": Object {
    "$$typeof": Symbol(react.forward_ref),
    "attrs": Array [],
    "componentStyle": ComponentStyle {
      "componentId": "Legend-sc-4hdiho-0",
      "isStatic": false,
      "rules": Array [
        "box-sizing: border-box;",
        [Function],
        [Function],
        [Function],
        [Function],
        [Function],
        [Function],
        [Function],
        [Function],
        [Function],
        [Function],
        [Function],
        [Function],
        [Function],
        [Function],
        [Function],
        [Function],
        [Function],
        [Function],
        [Function],
        [Function],
        [Function],
        [Function],
        [Function],
        [Function],
        [Function],
        [Function],
        [Function],
        [Function],
        [Function],
        [Function],
        [Function],
        [Function],
        [Function],
        [Function],
        [Function],
        [Function],
        ";",
      ],
    },
    "defaultProps": Object {
      "as": "legend",
    },
    "displayName": "Legend",
    "foldedComponentIds": Array [
      "Box-sc-17ftkho-0",
    ],
    "propTypes": Object {
      "alignContent": [Function],
      "alignItems": [Function],
      "alignSelf": [Function],
      "as": [Function],
      "backgroundImage": [Function],
      "bg": [Function],
      "border": [Function],
      "borderBottom": [Function],
      "borderLeft": [Function],
      "borderRadius": [Function],
      "borderRight": [Function],
      "borderTop": [Function],
      "bottom": [Function],
      "children": [Function],
      "color": [Function],
      "display": [Function],
      "flex": [Function],
      "flexBasis": [Function],
      "flexDirection": [Function],
      "flexWrap": [Function],
      "fontFamily": [Function],
      "fontSize": [Function],
      "fontWeight": [Function],
      "height": [Function],
      "justifyContent": [Function],
      "left": [Function],
      "m": [Function],
      "maxHeight": [Function],
      "maxWidth": [Function],
      "mb": [Function],
      "minHeight": [Function],
      "minWidth": [Function],
      "ml": [Function],
      "mr": [Function],
      "mt": [Function],
      "mx": [Function],
      "my": [Function],
      "order": [Function],
      "p": [Function],
      "pb": [Function],
      "pl": [Function],
      "position": [Function],
      "pr": [Function],
      "pt": [Function],
      "px": [Function],
      "py": [Function],
      "ratio": [Function],
      "right": [Function],
      "textAlign": [Function],
      "textTransform": [Function],
      "top": [Function],
      "width": [Function],
      "zIndex": [Function],
    },
    "render": [Function],
    "styledComponentId": "Legend-sc-4hdiho-0",
    "target": "div",
    "toString": [Function],
    "warnTooManyClasses": [Function],
    "withComponent": [Function],
  },
  "Link": Object {
    "$$typeof": Symbol(react.forward_ref),
    "attrs": Array [],
    "componentStyle": ComponentStyle {
      "componentId": "Link-zrumrl-0",
      "isStatic": false,
      "rules": Array [
        "box-sizing: border-box;",
        [Function],
        [Function],
        [Function],
        [Function],
        [Function],
        [Function],
        [Function],
        [Function],
        [Function],
        [Function],
        [Function],
        [Function],
        [Function],
        [Function],
        [Function],
        [Function],
        [Function],
        [Function],
        [Function],
        [Function],
        [Function],
        [Function],
        [Function],
        [Function],
        [Function],
        [Function],
        [Function],
        [Function],
        [Function],
        [Function],
        [Function],
        [Function],
        [Function],
        [Function],
        [Function],
        [Function],
        ";",
      ],
    },
    "defaultProps": Object {
      "as": "a",
    },
    "displayName": "Link",
    "foldedComponentIds": Array [
      "Box-sc-17ftkho-0",
    ],
    "propTypes": Object {
      "alignContent": [Function],
      "alignItems": [Function],
      "alignSelf": [Function],
      "as": [Function],
      "backgroundImage": [Function],
      "bg": [Function],
      "border": [Function],
      "borderBottom": [Function],
      "borderLeft": [Function],
      "borderRadius": [Function],
      "borderRight": [Function],
      "borderTop": [Function],
      "bottom": [Function],
      "children": [Function],
      "color": [Function],
      "display": [Function],
      "flex": [Function],
      "flexBasis": [Function],
      "flexDirection": [Function],
      "flexWrap": [Function],
      "fontFamily": [Function],
      "fontSize": [Function],
      "fontWeight": [Function],
      "height": [Function],
      "href": [Function],
      "justifyContent": [Function],
      "left": [Function],
      "m": [Function],
      "maxHeight": [Function],
      "maxWidth": [Function],
      "mb": [Function],
      "minHeight": [Function],
      "minWidth": [Function],
      "ml": [Function],
      "mr": [Function],
      "mt": [Function],
      "mx": [Function],
      "my": [Function],
      "order": [Function],
      "p": [Function],
      "pb": [Function],
      "pl": [Function],
      "position": [Function],
      "pr": [Function],
      "pt": [Function],
      "px": [Function],
      "py": [Function],
      "ratio": [Function],
      "right": [Function],
      "textAlign": [Function],
      "textTransform": [Function],
      "top": [Function],
      "width": [Function],
      "zIndex": [Function],
    },
    "render": [Function],
    "styledComponentId": "Link-zrumrl-0",
    "target": "div",
    "toString": [Function],
    "warnTooManyClasses": [Function],
    "withComponent": [Function],
  },
  "List": Object {
    "$$typeof": Symbol(react.forward_ref),
    "attrs": Array [],
    "componentStyle": ComponentStyle {
      "componentId": "List-lbzzpq-0",
      "isStatic": false,
      "rules": Array [
        "box-sizing: border-box;",
        [Function],
        [Function],
        [Function],
        [Function],
        [Function],
        [Function],
        [Function],
        [Function],
        [Function],
        [Function],
        [Function],
        [Function],
        [Function],
        [Function],
        [Function],
        [Function],
        [Function],
        [Function],
        [Function],
        [Function],
        [Function],
        [Function],
        [Function],
        [Function],
        [Function],
        [Function],
        [Function],
        [Function],
        [Function],
        [Function],
        [Function],
        [Function],
        [Function],
        [Function],
        [Function],
        [Function],
        ";> li{",
        [Function],
        " + li{",
        [Function],
        "}}",
      ],
    },
    "defaultProps": Object {
      "as": "ul",
      "bordered": false,
      "inline": false,
      "size": "md",
      "styleType": "none",
      "type": "1",
    },
    "displayName": "List",
    "foldedComponentIds": Array [
      "Box-sc-17ftkho-0",
    ],
    "propTypes": Object {
      "alignContent": [Function],
      "alignItems": [Function],
      "alignSelf": [Function],
      "as": [Function],
      "backgroundImage": [Function],
      "bg": [Function],
      "border": [Function],
      "borderBottom": [Function],
      "borderLeft": [Function],
      "borderRadius": [Function],
      "borderRight": [Function],
      "borderTop": [Function],
      "bordered": [Function],
      "bottom": [Function],
      "children": [Function],
      "color": [Function],
      "display": [Function],
      "flex": [Function],
      "flexBasis": [Function],
      "flexDirection": [Function],
      "flexWrap": [Function],
      "fontFamily": [Function],
      "fontSize": [Function],
      "fontWeight": [Function],
      "height": [Function],
      "inline": [Function],
      "justifyContent": [Function],
      "left": [Function],
      "m": [Function],
      "maxHeight": [Function],
      "maxWidth": [Function],
      "mb": [Function],
      "minHeight": [Function],
      "minWidth": [Function],
      "ml": [Function],
      "mr": [Function],
      "mt": [Function],
      "mx": [Function],
      "my": [Function],
      "order": [Function],
      "p": [Function],
      "pb": [Function],
      "pl": [Function],
      "position": [Function],
      "pr": [Function],
      "pt": [Function],
      "px": [Function],
      "py": [Function],
      "ratio": [Function],
      "reversed": [Function],
      "right": [Function],
      "size": [Function],
      "start": [Function],
      "styleType": [Function],
      "textAlign": [Function],
      "textTransform": [Function],
      "top": [Function],
      "type": [Function],
      "width": [Function],
      "zIndex": [Function],
    },
    "render": [Function],
    "styledComponentId": "List-lbzzpq-0",
    "target": "div",
    "toString": [Function],
    "warnTooManyClasses": [Function],
    "withComponent": [Function],
  },
  "Paragraph": Object {
    "$$typeof": Symbol(react.forward_ref),
    "attrs": Array [],
    "componentStyle": ComponentStyle {
      "componentId": "Paragraph-q4dwg-0",
      "isStatic": false,
      "rules": Array [
        "box-sizing: border-box;",
        [Function],
        [Function],
        [Function],
        [Function],
        [Function],
        [Function],
        [Function],
        [Function],
        [Function],
        [Function],
        [Function],
        [Function],
        [Function],
        [Function],
        [Function],
        [Function],
        [Function],
        [Function],
        [Function],
        [Function],
        [Function],
        [Function],
        [Function],
        [Function],
        [Function],
        [Function],
        [Function],
        [Function],
        [Function],
        [Function],
        [Function],
        [Function],
        [Function],
        [Function],
        [Function],
        "margin:0;& + &{margin-top:",
        [Function],
        ";}",
      ],
    },
    "defaultProps": Object {
      "as": "p",
    },
    "displayName": "Paragraph",
    "foldedComponentIds": Array [
      "Box-sc-17ftkho-0",
    ],
    "propTypes": Object {
      "alignContent": [Function],
      "alignItems": [Function],
      "alignSelf": [Function],
      "as": [Function],
      "backgroundImage": [Function],
      "bg": [Function],
      "border": [Function],
      "borderBottom": [Function],
      "borderLeft": [Function],
      "borderRadius": [Function],
      "borderRight": [Function],
      "borderTop": [Function],
      "bottom": [Function],
      "children": [Function],
      "color": [Function],
      "display": [Function],
      "flex": [Function],
      "flexBasis": [Function],
      "flexDirection": [Function],
      "flexWrap": [Function],
      "fontFamily": [Function],
      "fontSize": [Function],
      "fontWeight": [Function],
      "height": [Function],
      "justifyContent": [Function],
      "left": [Function],
      "m": [Function],
      "maxHeight": [Function],
      "maxWidth": [Function],
      "mb": [Function],
      "minHeight": [Function],
      "minWidth": [Function],
      "ml": [Function],
      "mr": [Function],
      "mt": [Function],
      "mx": [Function],
      "my": [Function],
      "order": [Function],
      "p": [Function],
      "pb": [Function],
      "pl": [Function],
      "position": [Function],
      "pr": [Function],
      "pt": [Function],
      "px": [Function],
      "py": [Function],
      "ratio": [Function],
      "right": [Function],
      "textAlign": [Function],
      "textTransform": [Function],
      "top": [Function],
      "width": [Function],
      "zIndex": [Function],
    },
    "render": [Function],
    "styledComponentId": "Paragraph-q4dwg-0",
    "target": "div",
    "toString": [Function],
    "warnTooManyClasses": [Function],
    "withComponent": [Function],
  },
  "Screen": Object {
    "$$typeof": Symbol(react.forward_ref),
    "attrs": Array [],
    "componentStyle": ComponentStyle {
      "componentId": "sc-bwzfXH",
      "isStatic": false,
      "rules": Array [
        "box-sizing: border-box;",
        [Function],
        [Function],
        [Function],
        [Function],
        [Function],
        [Function],
        [Function],
        [Function],
        [Function],
        [Function],
        [Function],
        [Function],
        [Function],
        [Function],
        [Function],
        [Function],
        [Function],
        [Function],
        [Function],
        [Function],
        [Function],
        [Function],
        [Function],
        [Function],
        [Function],
        [Function],
        [Function],
        [Function],
        [Function],
        [Function],
        [Function],
        [Function],
        [Function],
        [Function],
        [Function],
        "",
      ],
    },
    "defaultProps": Object {
      "minHeight": "100vh",
    },
    "displayName": "Screen",
    "foldedComponentIds": Array [
      "Box-sc-17ftkho-0",
    ],
    "propTypes": Object {
      "alignContent": [Function],
      "alignItems": [Function],
      "alignSelf": [Function],
      "as": [Function],
      "backgroundImage": [Function],
      "bg": [Function],
      "border": [Function],
      "borderBottom": [Function],
      "borderLeft": [Function],
      "borderRadius": [Function],
      "borderRight": [Function],
      "borderTop": [Function],
      "bottom": [Function],
      "children": [Function],
      "color": [Function],
      "display": [Function],
      "flex": [Function],
      "flexBasis": [Function],
      "flexDirection": [Function],
      "flexWrap": [Function],
      "fontFamily": [Function],
      "fontSize": [Function],
      "fontWeight": [Function],
      "height": [Function],
      "justifyContent": [Function],
      "left": [Function],
      "m": [Function],
      "maxHeight": [Function],
      "maxWidth": [Function],
      "mb": [Function],
      "minHeight": [Function],
      "minWidth": [Function],
      "ml": [Function],
      "mr": [Function],
      "mt": [Function],
      "mx": [Function],
      "my": [Function],
      "order": [Function],
      "p": [Function],
      "pb": [Function],
      "pl": [Function],
      "position": [Function],
      "pr": [Function],
      "pt": [Function],
      "px": [Function],
      "py": [Function],
      "ratio": [Function],
      "right": [Function],
      "textAlign": [Function],
      "textTransform": [Function],
      "top": [Function],
      "width": [Function],
      "zIndex": [Function],
    },
    "render": [Function],
    "styledComponentId": "sc-bwzfXH",
    "target": "div",
    "toString": [Function],
    "warnTooManyClasses": [Function],
    "withComponent": [Function],
  },
  "Select": Object {
    "$$typeof": Symbol(react.forward_ref),
    "attrs": Array [],
    "componentStyle": ComponentStyle {
      "componentId": "Select-sc-1d98irb-0",
      "isStatic": false,
      "rules": Array [
        "box-sizing: border-box;",
        [Function],
        [Function],
        [Function],
        [Function],
        [Function],
        [Function],
        [Function],
        [Function],
        [Function],
        [Function],
        [Function],
        [Function],
        [Function],
        [Function],
        [Function],
        [Function],
        [Function],
        [Function],
        [Function],
        [Function],
        [Function],
        [Function],
        [Function],
        [Function],
        [Function],
        [Function],
        [Function],
        [Function],
        [Function],
        [Function],
        [Function],
        [Function],
        [Function],
        [Function],
        [Function],
        [Function],
        ";",
        [Function],
        ";",
      ],
    },
    "defaultProps": Object {
      "as": "select",
      "sizing": "md",
    },
    "displayName": "Select",
    "foldedComponentIds": Array [
      "Box-sc-17ftkho-0",
    ],
    "propTypes": Object {
      "alignContent": [Function],
      "alignItems": [Function],
      "alignSelf": [Function],
      "as": [Function],
      "backgroundImage": [Function],
      "bg": [Function],
      "border": [Function],
      "borderBottom": [Function],
      "borderLeft": [Function],
      "borderRadius": [Function],
      "borderRight": [Function],
      "borderTop": [Function],
      "bottom": [Function],
      "children": [Function],
      "color": [Function],
      "disabled": [Function],
      "display": [Function],
      "flex": [Function],
      "flexBasis": [Function],
      "flexDirection": [Function],
      "flexWrap": [Function],
      "fontFamily": [Function],
      "fontSize": [Function],
      "fontWeight": [Function],
      "height": [Function],
      "justifyContent": [Function],
      "left": [Function],
      "m": [Function],
      "maxHeight": [Function],
      "maxWidth": [Function],
      "mb": [Function],
      "minHeight": [Function],
      "minWidth": [Function],
      "ml": [Function],
      "mr": [Function],
      "mt": [Function],
      "multiple": [Function],
      "mx": [Function],
      "my": [Function],
      "order": [Function],
      "p": [Function],
      "pb": [Function],
      "pl": [Function],
      "position": [Function],
      "pr": [Function],
      "pt": [Function],
      "px": [Function],
      "py": [Function],
      "ratio": [Function],
      "required": [Function],
      "right": [Function],
      "size": [Function],
      "sizing": [Function],
      "textAlign": [Function],
      "textTransform": [Function],
      "top": [Function],
      "width": [Function],
      "zIndex": [Function],
    },
    "render": [Function],
    "styledComponentId": "Select-sc-1d98irb-0",
    "target": "div",
    "toString": [Function],
    "warnTooManyClasses": [Function],
    "withComponent": [Function],
  },
  "StyledButtonGroup": Object {
    "$$typeof": Symbol(react.forward_ref),
    "attrs": Array [],
    "componentStyle": ComponentStyle {
      "componentId": "StyledButtonGroup-fvsrxr-0",
      "isStatic": false,
      "rules": Array [
        "box-sizing: border-box;",
        [Function],
        [Function],
        [Function],
        [Function],
        [Function],
        [Function],
        [Function],
        [Function],
        [Function],
        [Function],
        [Function],
        [Function],
        [Function],
        [Function],
        [Function],
        [Function],
        [Function],
        [Function],
        [Function],
        [Function],
        [Function],
        [Function],
        [Function],
        [Function],
        [Function],
        [Function],
        [Function],
        [Function],
        [Function],
        [Function],
        [Function],
        [Function],
        [Function],
        [Function],
        [Function],
        "display:inline-flex;> button{+ button{margin-left:-1px;}&:first-child{border-bottom-right-radius:0;border-top-right-radius:0;}&:last-child{border-bottom-left-radius:0;border-top-left-radius:0;}&:not(:first-child):not(:last-child){border-radius:0;}}",
      ],
    },
    "displayName": "StyledButtonGroup",
    "foldedComponentIds": Array [
      "Box-sc-17ftkho-0",
    ],
    "propTypes": Object {
      "alignContent": [Function],
      "alignItems": [Function],
      "alignSelf": [Function],
      "as": [Function],
      "backgroundImage": [Function],
      "bg": [Function],
      "border": [Function],
      "borderBottom": [Function],
      "borderLeft": [Function],
      "borderRadius": [Function],
      "borderRight": [Function],
      "borderTop": [Function],
      "bottom": [Function],
      "children": [Function],
      "color": [Function],
      "display": [Function],
      "flex": [Function],
      "flexBasis": [Function],
      "flexDirection": [Function],
      "flexWrap": [Function],
      "fontFamily": [Function],
      "fontSize": [Function],
      "fontWeight": [Function],
      "height": [Function],
      "justifyContent": [Function],
      "left": [Function],
      "m": [Function],
      "maxHeight": [Function],
      "maxWidth": [Function],
      "mb": [Function],
      "minHeight": [Function],
      "minWidth": [Function],
      "ml": [Function],
      "mr": [Function],
      "mt": [Function],
      "mx": [Function],
      "my": [Function],
      "order": [Function],
      "p": [Function],
      "pb": [Function],
      "pl": [Function],
      "position": [Function],
      "pr": [Function],
      "pt": [Function],
      "px": [Function],
      "py": [Function],
      "ratio": [Function],
      "right": [Function],
      "textAlign": [Function],
      "textTransform": [Function],
      "top": [Function],
      "width": [Function],
      "zIndex": [Function],
    },
    "render": [Function],
    "styledComponentId": "StyledButtonGroup-fvsrxr-0",
    "target": "div",
    "toString": [Function],
    "warnTooManyClasses": [Function],
    "withComponent": [Function],
  },
  "StyledFormGroup": Object {
    "$$typeof": Symbol(react.forward_ref),
    "attrs": Array [],
    "componentStyle": ComponentStyle {
      "componentId": "StyledFormGroup-sc-2wir7h-0",
      "isStatic": false,
      "rules": Array [
        "box-sizing: border-box;",
        [Function],
        [Function],
        [Function],
        [Function],
        [Function],
        [Function],
        [Function],
        [Function],
        [Function],
        [Function],
        [Function],
        [Function],
        [Function],
        [Function],
        [Function],
        [Function],
        [Function],
        [Function],
        [Function],
        [Function],
        [Function],
        [Function],
        [Function],
        [Function],
        [Function],
        [Function],
        [Function],
        [Function],
        [Function],
        [Function],
        [Function],
        [Function],
        [Function],
        [Function],
        [Function],
        [Function],
        ";",
        [Function],
        ";",
        ".sc-bdVaJa",
        "{label,legend{margin-bottom:0;margin-right:",
        [Function],
        ";}input{flex:1;width:auto;}small{margin-left:",
        [Function],
        ";margin-top:0;}}",
      ],
    },
    "displayName": "StyledFormGroup",
    "foldedComponentIds": Array [
      "Box-sc-17ftkho-0",
    ],
    "propTypes": Object {
      "alignContent": [Function],
      "alignItems": [Function],
      "alignSelf": [Function],
      "as": [Function],
      "backgroundImage": [Function],
      "bg": [Function],
      "border": [Function],
      "borderBottom": [Function],
      "borderLeft": [Function],
      "borderRadius": [Function],
      "borderRight": [Function],
      "borderTop": [Function],
      "bottom": [Function],
      "children": [Function],
      "color": [Function],
      "display": [Function],
      "flex": [Function],
      "flexBasis": [Function],
      "flexDirection": [Function],
      "flexWrap": [Function],
      "fontFamily": [Function],
      "fontSize": [Function],
      "fontWeight": [Function],
      "height": [Function],
      "justifyContent": [Function],
      "left": [Function],
      "m": [Function],
      "maxHeight": [Function],
      "maxWidth": [Function],
      "mb": [Function],
      "minHeight": [Function],
      "minWidth": [Function],
      "ml": [Function],
      "mr": [Function],
      "mt": [Function],
      "mx": [Function],
      "my": [Function],
      "order": [Function],
      "p": [Function],
      "pb": [Function],
      "pl": [Function],
      "position": [Function],
      "pr": [Function],
      "pt": [Function],
      "px": [Function],
      "py": [Function],
      "ratio": [Function],
      "right": [Function],
      "textAlign": [Function],
      "textTransform": [Function],
      "top": [Function],
      "width": [Function],
      "zIndex": [Function],
    },
    "render": [Function],
    "styledComponentId": "StyledFormGroup-sc-2wir7h-0",
    "target": "div",
    "toString": [Function],
    "warnTooManyClasses": [Function],
    "withComponent": [Function],
  },
  "StyledSwitch": Object {
    "$$typeof": Symbol(react.forward_ref),
    "attrs": Array [],
    "componentStyle": ComponentStyle {
      "componentId": "StyledSwitch-sc-1g5o7pt-3",
      "isStatic": false,
      "rules": Array [
        "box-sizing: border-box;",
        [Function],
        [Function],
        [Function],
        [Function],
        [Function],
        [Function],
        [Function],
        [Function],
        [Function],
        [Function],
        [Function],
        [Function],
        [Function],
        [Function],
        [Function],
        [Function],
        [Function],
        [Function],
        [Function],
        [Function],
        [Function],
        [Function],
        [Function],
        [Function],
        [Function],
        [Function],
        [Function],
        [Function],
        [Function],
        [Function],
        [Function],
        [Function],
        [Function],
        [Function],
        [Function],
        [Function],
        ";",
      ],
    },
    "displayName": "StyledSwitch",
    "foldedComponentIds": Array [
      "Box-sc-17ftkho-0",
    ],
    "propTypes": Object {
      "alignContent": [Function],
      "alignItems": [Function],
      "alignSelf": [Function],
      "as": [Function],
      "backgroundImage": [Function],
      "bg": [Function],
      "border": [Function],
      "borderBottom": [Function],
      "borderLeft": [Function],
      "borderRadius": [Function],
      "borderRight": [Function],
      "borderTop": [Function],
      "bottom": [Function],
      "children": [Function],
      "color": [Function],
      "display": [Function],
      "flex": [Function],
      "flexBasis": [Function],
      "flexDirection": [Function],
      "flexWrap": [Function],
      "fontFamily": [Function],
      "fontSize": [Function],
      "fontWeight": [Function],
      "height": [Function],
      "justifyContent": [Function],
      "left": [Function],
      "m": [Function],
      "maxHeight": [Function],
      "maxWidth": [Function],
      "mb": [Function],
      "minHeight": [Function],
      "minWidth": [Function],
      "ml": [Function],
      "mr": [Function],
      "mt": [Function],
      "mx": [Function],
      "my": [Function],
      "order": [Function],
      "p": [Function],
      "pb": [Function],
      "pl": [Function],
      "position": [Function],
      "pr": [Function],
      "pt": [Function],
      "px": [Function],
      "py": [Function],
      "ratio": [Function],
      "right": [Function],
      "textAlign": [Function],
      "textTransform": [Function],
      "top": [Function],
      "width": [Function],
      "zIndex": [Function],
    },
    "render": [Function],
    "styledComponentId": "StyledSwitch-sc-1g5o7pt-3",
    "target": "div",
    "toString": [Function],
    "warnTooManyClasses": [Function],
    "withComponent": [Function],
  },
  "Switch": [Function],
  "Table": Object {
    "$$typeof": Symbol(react.forward_ref),
    "attrs": Array [],
    "componentStyle": ComponentStyle {
      "componentId": "Table-sc-3ngq3j-0",
      "isStatic": false,
      "rules": Array [
        "box-sizing: border-box;",
        [Function],
        [Function],
        [Function],
        [Function],
        [Function],
        [Function],
        [Function],
        [Function],
        [Function],
        [Function],
        [Function],
        [Function],
        [Function],
        [Function],
        [Function],
        [Function],
        [Function],
        [Function],
        [Function],
        [Function],
        [Function],
        [Function],
        [Function],
        [Function],
        [Function],
        [Function],
        [Function],
        [Function],
        [Function],
        [Function],
        [Function],
        [Function],
        [Function],
        [Function],
        [Function],
        [Function],
        ";th{text-align:inherit;}th,td{",
        [Function],
        ";",
        [Function],
        ";vertical-align:top;}thead{",
        [Function],
        ";",
        [Function],
        ";}thead th{",
        [Function],
        ";vertical-align:bottom;}tbody tr:nth-of-type(odd){",
        [Function],
        ";}caption{",
        [Function],
        ";}",
      ],
    },
    "defaultProps": Object {
      "as": "table",
      "bordered": false,
      "borderless": false,
      "inverted": false,
      "size": "md",
      "striped": false,
    },
    "displayName": "Table",
    "foldedComponentIds": Array [
      "Box-sc-17ftkho-0",
    ],
    "propTypes": Object {
      "alignContent": [Function],
      "alignItems": [Function],
      "alignSelf": [Function],
      "as": [Function],
      "backgroundImage": [Function],
      "bg": [Function],
      "border": [Function],
      "borderBottom": [Function],
      "borderLeft": [Function],
      "borderRadius": [Function],
      "borderRight": [Function],
      "borderTop": [Function],
      "bordered": [Function],
      "borderless": [Function],
      "bottom": [Function],
      "children": [Function],
      "color": [Function],
      "display": [Function],
      "flex": [Function],
      "flexBasis": [Function],
      "flexDirection": [Function],
      "flexWrap": [Function],
      "fontFamily": [Function],
      "fontSize": [Function],
      "fontWeight": [Function],
      "head": [Function],
      "height": [Function],
      "inverted": [Function],
      "justifyContent": [Function],
      "left": [Function],
      "m": [Function],
      "maxHeight": [Function],
      "maxWidth": [Function],
      "mb": [Function],
      "minHeight": [Function],
      "minWidth": [Function],
      "ml": [Function],
      "mr": [Function],
      "mt": [Function],
      "mx": [Function],
      "my": [Function],
      "order": [Function],
      "p": [Function],
      "pb": [Function],
      "pl": [Function],
      "position": [Function],
      "pr": [Function],
      "pt": [Function],
      "px": [Function],
      "py": [Function],
      "ratio": [Function],
      "right": [Function],
      "size": [Function],
      "striped": [Function],
      "textAlign": [Function],
      "textTransform": [Function],
      "top": [Function],
      "width": [Function],
      "zIndex": [Function],
    },
    "render": [Function],
    "styledComponentId": "Table-sc-3ngq3j-0",
    "target": "div",
    "toString": [Function],
    "warnTooManyClasses": [Function],
    "withComponent": [Function],
  },
  "Text": Object {
    "$$typeof": Symbol(react.forward_ref),
    "attrs": Array [],
    "componentStyle": ComponentStyle {
      "componentId": "sc-htpNat",
      "isStatic": false,
      "rules": Array [
        "box-sizing: border-box;",
        [Function],
        [Function],
        [Function],
        [Function],
        [Function],
        [Function],
        [Function],
        [Function],
        [Function],
        [Function],
        [Function],
        [Function],
        [Function],
        [Function],
        [Function],
        [Function],
        [Function],
        [Function],
        [Function],
        [Function],
        [Function],
        [Function],
        [Function],
        [Function],
        [Function],
        [Function],
        [Function],
        [Function],
        [Function],
        [Function],
        [Function],
        [Function],
        [Function],
        [Function],
        [Function],
        "",
      ],
    },
    "defaultProps": Object {
      "as": "span",
    },
    "displayName": "Text",
    "foldedComponentIds": Array [
      "Box-sc-17ftkho-0",
    ],
    "propTypes": Object {
      "alignContent": [Function],
      "alignItems": [Function],
      "alignSelf": [Function],
      "as": [Function],
      "backgroundImage": [Function],
      "bg": [Function],
      "border": [Function],
      "borderBottom": [Function],
      "borderLeft": [Function],
      "borderRadius": [Function],
      "borderRight": [Function],
      "borderTop": [Function],
      "bottom": [Function],
      "children": [Function],
      "color": [Function],
      "display": [Function],
      "flex": [Function],
      "flexBasis": [Function],
      "flexDirection": [Function],
      "flexWrap": [Function],
      "fontFamily": [Function],
      "fontSize": [Function],
      "fontWeight": [Function],
      "height": [Function],
      "justifyContent": [Function],
      "left": [Function],
      "m": [Function],
      "maxHeight": [Function],
      "maxWidth": [Function],
      "mb": [Function],
      "minHeight": [Function],
      "minWidth": [Function],
      "ml": [Function],
      "mr": [Function],
      "mt": [Function],
      "mx": [Function],
      "my": [Function],
      "order": [Function],
      "p": [Function],
      "pb": [Function],
      "pl": [Function],
      "position": [Function],
      "pr": [Function],
      "pt": [Function],
      "px": [Function],
      "py": [Function],
      "ratio": [Function],
      "right": [Function],
      "textAlign": [Function],
      "textTransform": [Function],
      "top": [Function],
      "width": [Function],
      "zIndex": [Function],
    },
    "render": [Function],
    "styledComponentId": "sc-htpNat",
    "target": "div",
    "toString": [Function],
    "warnTooManyClasses": [Function],
    "withComponent": [Function],
  },
  "Textarea": Object {
    "$$typeof": Symbol(react.forward_ref),
    "attrs": Array [
      [Function],
    ],
    "componentStyle": ComponentStyle {
      "componentId": "Textarea-miumt6-0",
      "isStatic": false,
      "rules": Array [
        "box-sizing: border-box;",
        [Function],
        [Function],
        [Function],
        [Function],
        [Function],
        [Function],
        [Function],
        [Function],
        [Function],
        [Function],
        [Function],
        [Function],
        [Function],
        [Function],
        [Function],
        [Function],
        [Function],
        [Function],
        [Function],
        [Function],
        [Function],
        [Function],
        [Function],
        [Function],
        [Function],
        [Function],
        [Function],
        [Function],
        [Function],
        [Function],
        [Function],
        [Function],
        [Function],
        [Function],
        [Function],
        [Function],
        ";",
        [Function],
        ";",
      ],
    },
    "defaultProps": Object {
      "as": "textarea",
      "rows": 3,
      "size": "md",
    },
    "displayName": "Textarea",
    "foldedComponentIds": Array [
      "Box-sc-17ftkho-0",
    ],
    "propTypes": Object {
      "alignContent": [Function],
      "alignItems": [Function],
      "alignSelf": [Function],
      "as": [Function],
      "backgroundImage": [Function],
      "bg": [Function],
      "border": [Function],
      "borderBottom": [Function],
      "borderLeft": [Function],
      "borderRadius": [Function],
      "borderRight": [Function],
      "borderTop": [Function],
      "bottom": [Function],
      "children": [Function],
      "color": [Function],
      "defaultValue": [Function],
      "disabled": [Function],
      "display": [Function],
      "flex": [Function],
      "flexBasis": [Function],
      "flexDirection": [Function],
      "flexWrap": [Function],
      "fontFamily": [Function],
      "fontSize": [Function],
      "fontWeight": [Function],
      "height": [Function],
      "id": [Function],
      "justifyContent": [Function],
      "left": [Function],
      "m": [Function],
      "maxHeight": [Function],
      "maxWidth": [Function],
      "maxlength": [Function],
      "mb": [Function],
      "minHeight": [Function],
      "minWidth": [Function],
      "minlength": [Function],
      "ml": [Function],
      "mr": [Function],
      "mt": [Function],
      "mx": [Function],
      "my": [Function],
      "name": [Function],
      "order": [Function],
      "p": [Function],
      "pb": [Function],
      "pl": [Function],
      "placeholder": [Function],
      "position": [Function],
      "pr": [Function],
      "pt": [Function],
      "px": [Function],
      "py": [Function],
      "ratio": [Function],
      "readOnly": [Function],
      "required": [Function],
      "right": [Function],
      "rows": [Function],
      "size": [Function],
      "tabindex": [Function],
      "textAlign": [Function],
      "textTransform": [Function],
      "top": [Function],
      "valid": [Function],
      "value": [Function],
      "width": [Function],
      "wrap": [Function],
      "zIndex": [Function],
    },
    "render": [Function],
    "styledComponentId": "Textarea-miumt6-0",
    "target": "div",
    "toString": [Function],
    "warnTooManyClasses": [Function],
    "withComponent": [Function],
  },
  "theme": Object {
    "alert": Object {
      "borderRadius": 3,
      "maxWidth": 450,
      "padding": Object {
        "lg": Array [
          10,
          18,
        ],
        "md": Array [
          10,
          16,
        ],
        "sm": Array [
          10,
          14,
        ],
        "xl": Array [
          10,
          20,
        ],
        "xs": Array [
          10,
          12,
        ],
      },
    },
    "badge": Object {
      "borderRadius": 3,
      "fontSize": "75%",
      "fontWeight": 700,
      "padding": Array [
        3,
        6,
      ],
    },
    "breakpoints": Array [
      400,
      768,
      1024,
      1360,
      1920,
    ],
    "button": Object {
      "borderRadius": Object {
        "lg": 0,
        "md": 0,
        "sm": 0,
        "xl": 0,
        "xs": 0,
      },
      "disabledOpacity": 0.7,
      "lineHeight": 1,
      "loader": [Function],
      "padding": Object {
        "lg": Array [
          12,
          18,
        ],
        "md": Array [
          9,
          16,
        ],
        "sm": Array [
          7,
          14,
        ],
        "xl": Array [
          14,
          20,
        ],
        "xs": Array [
          4,
          12,
        ],
      },
      "textTransform": "none",
    },
    "colors": Object {
      "amber": "#FFC107",
      "black": "#000",
      "blue": "#2196F3",
      "brown": "#795548",
      "cyan": "#00BCD4",
      "green": "#4CAF50",
      "indigo": "#3F51B5",
      "lime": "#CDDC39",
      "orange": "#FF9800",
      "pink": "#E91E63",
      "purple": "#9C27B0",
      "red": "#f44336",
      "teal": "#009688",
      "white": "#fff",
      "yellow": "#FFEB3B",
    },
    "componentSizes": Object {
      "lg": 18,
      "md": 16,
      "sm": 14,
      "xl": 22,
      "xs": 12,
    },
    "container": Object {
      "layout": Object {
        "flex": Array [
          "align-items:stretch;display:flex;justify-content:flex-start;> *{flex:1 1 auto;}",
        ],
        "fullScreen": Array [
          "align-items:stretch;display:flex;flex-direction:column;min-height:100vh;justify-content:center;",
        ],
      },
      "maxWidth": 1440,
    },
    "darkColor": "#3C3F41",
    "fieldset": Object {
      "borderColor": "#ccc",
      "borderRadius": 4,
      "color": "#343434",
      "marginBottom": 16,
      "padding": 8,
    },
    "fontSizes": Array [
      12,
      14,
      16,
      18,
      22,
      26,
      32,
      48,
    ],
    "form": Object {
      "borderColor": "#ccc",
      "borderRadius": 4,
      "borderWidth": 1,
      "padding": 10,
    },
    "formGroup": Object {
      "borderColor": "#ccc",
      "borderRadius": 4,
      "helpColor": "#999",
      "helpMarginTop": 4,
      "inlineMargin": 8,
      "marginBottom": 16,
      "padding": 8,
    },
    "grays": Object {
      "gray05": "#f4f4f4",
      "gray10": "#e6e6e6",
      "gray20": "#ccc",
      "gray30": "#b3b3b3",
      "gray40": "#999",
      "gray50": "#808080",
      "gray60": "#666",
      "gray70": "#4d4d4d",
      "gray80": "#333",
      "gray90": "#1a1a1a",
    },
    "headingSizes": Object {
      "h1": 40,
      "h2": 32,
      "h3": 28,
      "h4": 24,
      "h5": 20,
      "h6": 16,
    },
    "headingWeight": 700,
    "input": Object {
      "backgroundColor": "#fff",
      "borderColor": "#ccc",
      "borderRadius": 2,
      "borderWidth": 1,
      "color": "#343434",
      "focusColor": "#000",
      "fontSize": Object {
        "lg": 20,
        "md": 16,
        "sm": 14,
      },
      "height": Object {
        "lg": 42,
        "md": 34,
        "sm": 28,
      },
      "inlineMargin": 8,
      "lineHeight": 1,
      "lineHeightTextarea": 1.4,
      "padding": Object {
        "lg": 10,
        "md": 8,
        "sm": 6,
      },
      "requiredColor": "#000",
      "validation": Object {
        "invalid": "#f00",
        "valid": "#3ac200",
      },
    },
    "label": Object {
      "color": "#343434",
      "fontWeight": "bold",
      "inlineFontSize": 14,
      "marginBottom": 8,
    },
    "legend": Object {
      "color": "#343434",
      "fontWeight": "bold",
      "marginBottom": 8,
    },
    "lineHeight": 1.4,
    "list": Object {
      "borderColor": "#ccc",
      "borderRadius": 3,
      "color": "#343434",
      "padding": Object {
        "lg": 18,
        "md": 12,
        "sm": 6,
      },
    },
    "palette": Object {
      "danger": "#ff4444",
      "dark": "#212121",
      "info": "#33b5e5",
      "light": "#f4f4f4",
      "primary": "#2E2E2E",
      "secondary": "#4B515D",
      "success": "#00C851",
      "warning": "#fda509",
    },
    "select": Object {
      "backgroundColor": "#fff",
      "borderColor": "#ccc",
      "borderRadius": 2,
      "color": "#343434",
      "fontSize": Object {
        "lg": 20,
        "md": 16,
        "sm": 14,
      },
      "height": Object {
        "lg": 42,
        "md": 34,
        "sm": 28,
      },
      "lineHeight": 1,
      "padding": Object {
        "lg": 10,
        "md": 8,
        "sm": 6,
      },
    },
    "space": Array [
      0,
      4,
      8,
      16,
      32,
      64,
      128,
    ],
    "switchSizes": Object {
      "lg": Object {
        "borderRadius": 16,
        "height": 32,
        "space": 3,
        "width": 57,
      },
      "md": Object {
        "borderRadius": 14,
        "height": 26,
        "space": 3,
        "width": 47,
      },
      "sm": Object {
        "borderRadius": 10,
        "height": 20,
        "space": 3,
        "width": 35,
      },
      "xl": Object {
        "borderRadius": 20,
        "height": 40,
        "space": 3,
        "width": 74,
      },
      "xs": Object {
        "borderRadius": 7,
        "height": 14,
        "space": 2,
        "width": 24,
      },
    },
    "table": Object {
      "borderColors": Object {
        "primary": "#ccc",
        "secondary": "#32383e",
      },
      "captionColor": "#ccc",
      "captionPadding": 6,
      "colors": Object {
        "primary": "#fff",
        "secondary": "#000",
      },
      "headColors": Object {
        "dark": "#000",
        "light": "#f4f4f4",
      },
      "padding": Object {
        "lg": 18,
        "md": 12,
        "sm": 6,
      },
      "stripedColors": Object {
        "primary": "#ededed",
        "secondary": "#262626",
      },
    },
  },
  "utils": Object {
    "getColor": [Function],
    "getTheme": [Function],
    "getValue": [Function],
    "getYiq": [Function],
    "num": [Function],
    "px": [Function],
    "responsive": [Function],
    "spacer": [Function],
    "themeGet": [Function],
  },
}
`;
