// Jest Snapshot v1, https://goo.gl/fbAQLP

exports[`Link should render properly 1`] = `
.c0 {
  box-sizing: border-box;
  color: #2E2E2E;
}

.c0:visited {
  color: #949494;
}

<Link
  as="a"
  href="https://github.com"
>
  <a
    className="c0"
    href="https://github.com"
  >
    GitHub
  </a>
</Link>
`;
