// Jest Snapshot v1, https://goo.gl/fbAQLP

exports[`Link should render properly 1`] = `
.c0 {
  box-sizing: border-box;
  -webkit-align-items: center;
  -webkit-box-align: center;
  -ms-flex-align: center;
  align-items: center;
  color: #2E2E2E;
  display: -webkit-inline-box;
  display: -webkit-inline-flex;
  display: -ms-inline-flexbox;
  display: inline-flex;
}

.c0:visited {
  color: #949494;
}

<a
  class="c0"
  href="https://github.com"
>
  GitHub
</a>
`;
