// Jest Snapshot v1, https://goo.gl/fbAQLP

exports[`List should render properly 1`] = `
.c0 {
  box-sizing: border-box;
  display: -webkit-box;
  display: -webkit-flex;
  display: -ms-flexbox;
  display: flex;
  -webkit-flex-direction: column;
  -ms-flex-direction: column;
  flex-direction: column;
  margin: 0;
  padding: 0;
  list-style-type: none;
}

.c0 > li {
  padding: 0;
}

.c0 > li + li {
  border-top: none;
  margin-top: 12px;
}

<List
  as="ul"
  bordered={false}
  inline={false}
  size="md"
  styleType="none"
  type="1"
>
  <ul
    className="c0"
    size="md"
    type="1"
  >
    <li>
      Far far away, behind the word mountains, far from the countries Vokalia and Consonantia, there live the blind texts.
    </li>
    <li>
      Morbi leo risus
    </li>
    <li>
      Porta ac consectetur ac
    </li>
    <li>
      Vestibulum at eros
    </li>
  </ul>
</List>
`;
