// Jest Snapshot v1, https://goo.gl/fbAQLP

exports[`Switch should render properly 1`] = `
.c1 {
  bottom: 0;
  left: 0;
  opacity: 0;
  position: absolute;
  right: 0;
  top: 0;
}

.c2 {
  background-color: #ccc;
  border-radius: 14px;
  bottom: 0;
  left: 0;
  position: absolute;
  right: 0;
  top: 0;
}

.c3 {
  background-color: #fff;
  border-radius: 50%;
  bottom: 3px;
  left: 3px;
  position: absolute;
  top: 3px;
  -webkit-transition: left 0.1s ease;
  transition: left 0.1s ease;
  width: 20px;
}

.c0 {
  box-sizing: border-box;
  cursor: pointer;
  height: 26px;
  position: relative;
  -webkit-user-select: none;
  -moz-user-select: none;
  -ms-user-select: none;
  user-select: none;
  vertical-align: middle;
  width: 47px;
}

<StyledSwitch
  onChange={[Function]}
  onClick={[Function]}
  size="md"
  status={true}
  value={true}
  variant="indigo"
>
  <div
    className="c0"
    onChange={[Function]}
    onClick={[Function]}
    size="md"
    value={true}
  >
    <StyledInput
      name="toggle"
      type="hidden"
      value={true}
    >
      <input
        className="c1"
        name="toggle"
        type="hidden"
        value={true}
      />
    </StyledInput>
    <StyledTrack
      onChange={[Function]}
      size="md"
      value={true}
      variant="indigo"
    >
      <span
        className="c2"
        onChange={[Function]}
        size="md"
        value={true}
      />
    </StyledTrack>
    <StyledButton
      onChange={[Function]}
      size="md"
      value={true}
      variant="indigo"
    >
      <span
        className="c3"
        onChange={[Function]}
        size="md"
        value={true}
      />
    </StyledButton>
  </div>
</StyledSwitch>
`;
