// Jest Snapshot v1, https://goo.gl/fbAQLP

exports[`Textarea should render properly 1`] = `
.c0 {
  box-sizing: border-box;
  background-color: #fff;
  border: 1 solid #ccc;
  border-radius: 2px;
  color: #343434;
  display: block;
  font-family: inherit;
  font-size: 16px;
  line-height: 1.4;
  margin: 0;
  padding: 8px;
  width: 100%;
}

.c0::-webkit-input-placeholder {
  color: #b3b3b3;
}

.c0:-moz-placeholder {
  color: #b3b3b3;
}

.c0::-moz-placeholder {
  color: #b3b3b3;
}

.c0:-ms-input-placeholder {
  color: #b3b3b3;
}

.c0:-moz-read-only {
  background-color: #fafafa;
  color: #818181;
}

.c0:read-only {
  background-color: #fafafa;
  color: #818181;
}

.c0:disabled {
  background-color: #f2f2f2;
  color: #676767;
}

.c0:focus {
  outline-color: #000;
}

.c0:required:not(:valid) {
  border-color: #000;
}

.c0:required:not(:valid)::-webkit-input-placeholder {
  color: #000;
}

.c0:required:not(:valid):-moz-placeholder {
  color: #000;
}

.c0:required:not(:valid)::-moz-placeholder {
  color: #000;
}

.c0:required:not(:valid):-ms-input-placeholder {
  color: #000;
}

<Textarea
  as="textarea"
  defaultValue="Far far away"
  name="test"
  rows={3}
  size="md"
>
  <textarea
    className="c0"
    defaultValue="Far far away"
    id="test"
    name="test"
    rows={3}
    size="md"
  />
</Textarea>
`;
